[project2351794.tilda.ws/vadykoo.html]
[backblue.gif]
[fade.gif]
[index.html]
[static.tildacdn.com/css/tilda-grid-3.0.min.css]
[tilda.ws/project2351794/tilda-blocks-2.12d6d4.css]
[static.tildacdn.com/css/tilda-animation-1.0.min.css]
[static.tildacdn.com/css/tilda-slds-1.4.min.css]
[static.tildacdn.com/css/tilda-zoom-2.0.min.css]
[static.tildacdn.com/js/jquery-1.10.2.min.js]
[static.tildacdn.com/js/tilda-scripts-2.8.min.js]
[tilda.ws/project2351794/tilda-blocks-2.7d6d4.js]
[static.tildacdn.com/js/lazyload-1.3.min.js]
[static.tildacdn.com/js/tilda-animation-1.0.min.js]
[static.tildacdn.com/js/tilda-slds-1.4.min.js]
[static.tildacdn.com/js/hammer.min.js]
[static.tildacdn.com/js/tilda-zoom-2.0.min.js]
[static.tildacdn.com/tild6539-3366-4336-a131-343062393163/-/resize/20x/linkedin.jpg]
[static.tildacdn.com/tild3036-3433-4162-a637-386362376233/-/resizeb/20x/featured_preview_Scr.png]
[static.tildacdn.com/tild6630-3031-4835-a163-626637626638/-/resizeb/20x/unnamed.png]
[static.tildacdn.com/tild6565-6362-4061-a666-353535393931/-/resizeb/20x/Python.jpg]
[static.tildacdn.com/tild6337-3733-4665-b165-346666383561/-/resizeb/20x/_.png]
[static.tildacdn.com/tild6236-3638-4365-b435-316264333862/-/resizeb/20x/htmlcss-1.jpg]
[static.tildacdn.com/tild6638-6231-4663-a462-623431666439/-/resizeb/20x/firebaseload_1x.gif]
[static.tildacdn.com/tild6262-3663-4765-a133-386462663661/-/resizeb/20x/upwork-logo.png]
[static.tildacdn.com/tild3839-3736-4136-b438-646662353166/-/resizeb/20x/upwork-logo.png]
[static.tildacdn.com/tild3131-3562-4663-b762-356634663235/-/resizeb/20x/upwork-logo.png]
[static.tildacdn.com/tild3662-3063-4036-a437-646139356366/-/resizeb/20x/upwork-logo.png]
[static.tildacdn.com/img/tildacopy.png]
[project2351794.tilda.ws/vadykoo.html]
[static.tildacdn.com/css/tilda-grid-3.0.min.css]
[tilda.ws/project2351794/tilda-blocks-2.12d6d4.css]
[static.tildacdn.com/css/tilda-animation-1.0.min.css]
[static.tildacdn.com/css/tilda-slds-1.4.min.css]
[static.tildacdn.com/css/tilda-zoom-2.0.min.css]
[tilda.ws/project2351794/tilda-blocks-2.7d6d4.js]
[stat.tildacdn.com/js/tildastat-0.2.min.js]
